// Jest Snapshot v1, https://goo.gl/fbAQLP

exports[`SearchResults renders correctly 1`] = `
<DocumentFragment>
  <p
    class="card-no-result"
    style="text-align: center; font-weight: bold; font-size: 20px;"
  >
    No results
  </p>
</DocumentFragment>
`;

exports[`SearchResults renders correctly with results 1`] = `
<DocumentFragment>
  <div
    class="card-image-parent"
  >
    <img
      alt="space"
      class="card-image"
      src="https:/example.com/image1.jpg"
    />
    <img
      alt="space"
      class="card-image"
      src="https:/example.com/image2.jpg"
    />
    <img
      alt="space"
      class="card-image"
      src="https:/example.com/image3.jpg"
    />
  </div>
</DocumentFragment>
`;
