// Jest Snapshot v1, https://goo.gl/fbAQLP

exports[`Search renders correctly 1`] = `
<form
  className="search-form"
  onSubmit={[Function]}
>
  <input
    className="search-input"
    onChange={[Function]}
    type="text"
  />
  <button
    className="search-button"
    type="submit"
  >
    Search
  </button>
</form>
`;
