// Jest Snapshot v1, https://goo.gl/fbAQLP

exports[`SearchResults renders correctly 1`] = `
<DocumentFragment>
  <p>
    No results
  </p>
</DocumentFragment>
`;

exports[`SearchResults renders correctly with results 1`] = `
<DocumentFragment>
  <img
    alt="space"
    class="card-image"
    src="https:/example.com/image1.jpg"
  />
  <img
    alt="space"
    class="card-image"
    src="https:/example.com/image2.jpg"
  />
  <img
    alt="space"
    class="card-image"
    src="https:/example.com/image3.jpg"
  />
</DocumentFragment>
`;
